// Jest Snapshot v1, https://goo.gl/fbAQLP

exports[`Button Component Should match the snapshot 1`] = `
<DocumentFragment>
  <button
    class="sc-bdnylx bKxXSk"
    data-testid="button"
  >
    "Hello"
  </button>
</DocumentFragment>
`;
