// Jest Snapshot v1, https://goo.gl/fbAQLP

exports[`QuotesCard Component Should match the snapshot 1`] = `
<DocumentFragment>
  <section
    class="sc-bdnylx lajIrS"
    data-testid="quotes-card-Ralph"
    tabindex="0"
  >
    <p
      class="sc-dlnjPT ghhryl"
      data-testid="quotes-card-text-Ralph"
    >
      Hi, Super Nintendo Chalmers!
    </p>
    <img
      alt="an illustration of The Simpsons character Ralph Wiggum"
      class="sc-gtssRu eZeSWe"
      data-testid="quotes-card-image-Ralph"
      src="https://cdn.glitch.com/3c3ffadc-3406-4440-bb95-d40ec8fcde72%2FRalphWiggum.png?1497567511523"
    />
  </section>
</DocumentFragment>
`;
